[backblue.gif]
[fade.gif]
[index.html]
[lanamoiseeva.com/site/translations2443]
[lanamoiseeva.com/dist/js/main2443.js]
[lanamoiseeva.com/index.html]
[lanamoiseeva.com/dist/css/main.css]
[lanamoiseeva.com/work.html]
[lanamoiseeva.com/copy-of-design.html]
[lanamoiseeva.com/copy-of-design-1.html]
[lanamoiseeva.com/copy-of-design-2.html]
[lanamoiseeva.com/about.html]
[lanamoiseeva.com/contact.html]
[lanamoiseeva.com/rbc-1.html]
[lanamoiseeva.com/site/translations1670]
[lanamoiseeva.com/dist/js/main1670.js]
[lanamoiseeva.com/aviva-journey.html]
[lanamoiseeva.com/aviva-canada.html]
[lanamoiseeva.com/mobile-ux-design-the-local-volunteer.html]
[lanamoiseeva.com/florena-brand-style-guidemobile-app.html]
[lanamoiseeva.com/1love-brand-style-guide.html]
[lanamoiseeva.com/goodpoint.html]
[lanamoiseeva.com/corporate-identity-science-institute.html]
[lanamoiseeva.com/calendar.html]
[lanamoiseeva.com/lana.html]
[lanamoiseeva.com/sketchbook.html]
[lanamoiseeva.com/art-retouching.html]
[lanamoiseeva.com/mihael.html]
[lanamoiseeva.com/lana-1.html]
[lanamoiseeva.com/marie.html]
[lanamoiseeva.com/self-portrait.html]
[lanamoiseeva.com/devon.html]
[lanamoiseeva.com/zhanna.html]
[lanamoiseeva.com/photo-by-verginiya-yancheva.html]
[lanamoiseeva.com/peacock.html]
[lanamoiseeva.com/nolisha.html]
[lanamoiseeva.com/andi.html]
[lanamoiseeva.com/rashmi.html]
[lanamoiseeva.com/hand-with-candle.html]
